MO FAusngMUX4 NULL "D:/Xilin LAb/FullAdderUsingMuxCaseStatement/FAusngMUX4.v" vlg6A/_f_ausng_m_u_x4.bin 1637616950
MO mux NULL "D:/Xilin LAb/FullAdderUsingMuxCaseStatement/FAusngMUX4.v" vlg66/mux.bin 1637616950
MO glbl NULL C:/Xilinx92i/verilog/src/glbl.v vlg2D/glbl.bin 1637616104
MO FAuseMUXTB_v NULL "D:/Xilin LAb/FullAdderUsingMuxCaseStatement/FAuseMUXTB.v" vlg11/_f_ause_m_u_x_t_b__v.bin 1637616606
