MO mux4 NULL "D:/Xilin LAb/MUX16ElseIf/mux16.v" vlg32/mux4.bin 1637612562
MO mux16IFELSETB_v NULL "D:/Xilin LAb/MUX16ElseIf/mux16IFELSETB.v" vlg24/mux16_i_f_e_l_s_e_t_b__v.bin 1637684819
MO MUX4TBifelse_v NULL "D:/Xilin LAb/MUX16ElseIf/MUX4TBifelse.v" vlg5D/_m_u_x4_t_bifelse__v.bin 1637609628
MO glbl NULL C:/Xilinx92i/verilog/src/glbl.v vlg2D/glbl.bin 1637608769
MO mux16 NULL "D:/Xilin LAb/MUX16ElseIf/mux16.v" vlg21/mux16.bin 1637612562
